Archive member included to satisfy reference by file (symbol)

c:/nxp/lpcxpresso_8.2.2_650/lpcxpresso/tools/bin/../lib/gcc/arm-none-eabi/5.4.1/../../../../arm-none-eabi/lib/armv7-m\libcr_c.a(memcpy.o)
                              ./src/ilda_reader.o (memcpy)
c:/nxp/lpcxpresso_8.2.2_650/lpcxpresso/tools/bin/../lib/gcc/arm-none-eabi/5.4.1/../../../../arm-none-eabi/lib/armv7-m\libcr_c.a(__weak__main.o)
                              ./src/cr_startup_lpc175x_6x.o (__main)
c:/nxp/lpcxpresso_8.2.2_650/lpcxpresso/tools/bin/../lib/gcc/arm-none-eabi/5.4.1/../../../../arm-none-eabi/lib/armv7-m\libcr_c.a(cos.o)
                              ./src/ilda_reader.o (cos)
c:/nxp/lpcxpresso_8.2.2_650/lpcxpresso/tools/bin/../lib/gcc/arm-none-eabi/5.4.1/../../../../arm-none-eabi/lib/armv7-m\libcr_c.a(fclose.o)
                              ./src/ilda_reader.o (fclose)
c:/nxp/lpcxpresso_8.2.2_650/lpcxpresso/tools/bin/../lib/gcc/arm-none-eabi/5.4.1/../../../../arm-none-eabi/lib/armv7-m\libcr_c.a(fflush.o)
                              c:/nxp/lpcxpresso_8.2.2_650/lpcxpresso/tools/bin/../lib/gcc/arm-none-eabi/5.4.1/../../../../arm-none-eabi/lib/armv7-m\libcr_c.a(fclose.o) (fflush)
c:/nxp/lpcxpresso_8.2.2_650/lpcxpresso/tools/bin/../lib/gcc/arm-none-eabi/5.4.1/../../../../arm-none-eabi/lib/armv7-m\libcr_c.a(fopen.o)
                              ./src/ilda_reader.o (fopen)
c:/nxp/lpcxpresso_8.2.2_650/lpcxpresso/tools/bin/../lib/gcc/arm-none-eabi/5.4.1/../../../../arm-none-eabi/lib/armv7-m\libcr_c.a(fpprintf.o)
                              ./src/ilda_reader.o (printf)
c:/nxp/lpcxpresso_8.2.2_650/lpcxpresso/tools/bin/../lib/gcc/arm-none-eabi/5.4.1/../../../../arm-none-eabi/lib/armv7-m\libcr_c.a(fread.o)
                              ./src/ilda_reader.o (fread)
c:/nxp/lpcxpresso_8.2.2_650/lpcxpresso/tools/bin/../lib/gcc/arm-none-eabi/5.4.1/../../../../arm-none-eabi/lib/armv7-m\libcr_c.a(freopen.o)
                              c:/nxp/lpcxpresso_8.2.2_650/lpcxpresso/tools/bin/../lib/gcc/arm-none-eabi/5.4.1/../../../../arm-none-eabi/lib/armv7-m\libcr_c.a(fopen.o) (freopen)
c:/nxp/lpcxpresso_8.2.2_650/lpcxpresso/tools/bin/../lib/gcc/arm-none-eabi/5.4.1/../../../../arm-none-eabi/lib/armv7-m\libcr_c.a(fseek.o)
                              ./src/ilda_reader.o (fseek)
c:/nxp/lpcxpresso_8.2.2_650/lpcxpresso/tools/bin/../lib/gcc/arm-none-eabi/5.4.1/../../../../arm-none-eabi/lib/armv7-m\libcr_c.a(ftell.o)
                              ./src/ilda_reader.o (ftell)
c:/nxp/lpcxpresso_8.2.2_650/lpcxpresso/tools/bin/../lib/gcc/arm-none-eabi/5.4.1/../../../../arm-none-eabi/lib/armv7-m\libcr_c.a(printf.o)
                              c:/nxp/lpcxpresso_8.2.2_650/lpcxpresso/tools/bin/../lib/gcc/arm-none-eabi/5.4.1/../../../../arm-none-eabi/lib/armv7-m\libcr_c.a(fpprintf.o) (__vfprintf)
c:/nxp/lpcxpresso_8.2.2_650/lpcxpresso/tools/bin/../lib/gcc/arm-none-eabi/5.4.1/../../../../arm-none-eabi/lib/armv7-m\libcr_c.a(remove.o)
                              c:/nxp/lpcxpresso_8.2.2_650/lpcxpresso/tools/bin/../lib/gcc/arm-none-eabi/5.4.1/../../../../arm-none-eabi/lib/armv7-m\libcr_c.a(fclose.o) (remove)
c:/nxp/lpcxpresso_8.2.2_650/lpcxpresso/tools/bin/../lib/gcc/arm-none-eabi/5.4.1/../../../../arm-none-eabi/lib/armv7-m\libcr_c.a(rewind.o)
                              ./src/ilda_reader.o (rewind)
c:/nxp/lpcxpresso_8.2.2_650/lpcxpresso/tools/bin/../lib/gcc/arm-none-eabi/5.4.1/../../../../arm-none-eabi/lib/armv7-m\libcr_c.a(sin.o)
                              ./src/ilda_reader.o (sin)
c:/nxp/lpcxpresso_8.2.2_650/lpcxpresso/tools/bin/../lib/gcc/arm-none-eabi/5.4.1/../../../../arm-none-eabi/lib/armv7-m\libcr_c.a(stdio.o)
                              c:/nxp/lpcxpresso_8.2.2_650/lpcxpresso/tools/bin/../lib/gcc/arm-none-eabi/5.4.1/../../../../arm-none-eabi/lib/armv7-m\libcr_c.a(rewind.o) (clearerr)
c:/nxp/lpcxpresso_8.2.2_650/lpcxpresso/tools/bin/../lib/gcc/arm-none-eabi/5.4.1/../../../../arm-none-eabi/lib/armv7-m\libcr_c.a(stdlib.o)
                              ./src/ilda_reader.o (exit)
c:/nxp/lpcxpresso_8.2.2_650/lpcxpresso/tools/bin/../lib/gcc/arm-none-eabi/5.4.1/../../../../arm-none-eabi/lib/armv7-m\libcr_c.a(strlen.o)
                              c:/nxp/lpcxpresso_8.2.2_650/lpcxpresso/tools/bin/../lib/gcc/arm-none-eabi/5.4.1/../../../../arm-none-eabi/lib/armv7-m\libcr_c.a(freopen.o) (strlen)
c:/nxp/lpcxpresso_8.2.2_650/lpcxpresso/tools/bin/../lib/gcc/arm-none-eabi/5.4.1/../../../../arm-none-eabi/lib/armv7-m\libcr_c.a(strncmp.o)
                              ./src/ilda_reader.o (strncmp)
c:/nxp/lpcxpresso_8.2.2_650/lpcxpresso/tools/bin/../lib/gcc/arm-none-eabi/5.4.1/../../../../arm-none-eabi/lib/armv7-m\libcr_c.a(memset.o)
                              c:/nxp/lpcxpresso_8.2.2_650/lpcxpresso/tools/bin/../lib/gcc/arm-none-eabi/5.4.1/../../../../arm-none-eabi/lib/armv7-m\libcr_c.a(fclose.o) (memset)
c:/nxp/lpcxpresso_8.2.2_650/lpcxpresso/tools/bin/../lib/gcc/arm-none-eabi/5.4.1/../../../../arm-none-eabi/lib/armv7-m\libcr_c.a(__fillbuf.o)
[...]
Memory Configuration

Name             Origin             Length             Attributes
MFlash512        0x00000000         0x00080000         xr
RamLoc32         0x10000000         0x00008000         xrw
RamAHB32         0x2007c000         0x00008000         xrw
*default*        0x00000000         0xffffffff

Linker script and memory map

LOAD ./src/GPIO.o
LOAD ./src/angles.o
LOAD ./src/cr_startup_lpc175x_6x.o
LOAD ./src/crp.o
LOAD ./src/dac.o
LOAD ./src/i2c.o
LOAD ./src/ilda_reader.o
LOAD ./src/main.o
START GROUP
LOAD c:/nxp/lpcxpresso_8.2.2_650/lpcxpresso/tools/bin/../lib/gcc/arm-none-eabi/5.4.1/../../../../arm-none-eabi/lib/armv7-m\libcr_c.a
LOAD c:/nxp/lpcxpresso_8.2.2_650/lpcxpresso/tools/bin/../lib/gcc/arm-none-eabi/5.4.1/armv7-m\libcr_eabihelpers.a
END GROUP
                0x00000000                __base_MFlash512 = 0x0
                0x00000000                __base_Flash = 0x0
                0x00080000                __top_MFlash512 = 0x80000
                0x00080000                __top_Flash = 0x80000
                0x10000000                __base_RamLoc32 = 0x10000000
                0x10000000                __base_RAM = 0x10000000
                0x10008000                __top_RamLoc32 = 0x10008000
                0x10008000                __top_RAM = 0x10008000
                0x2007c000                __base_RamAHB32 = 0x2007c000
                0x2007c000                __base_RAM2 = 0x2007c000
                0x20084000                __top_RamAHB32 = 0x20084000
                0x20084000                __top_RAM2 = 0x20084000

.text           0x00000000      0x5bc
 FILL mask 0xff
                0x00000000                __vectors_start__ = ABSOLUTE (.)
 *(.isr_vector)
 .isr_vector    0x00000000       0xcc ./src/cr_startup_lpc175x_6x.o
                0x00000000                g_pfnVectors
                0x000000cc                . = ALIGN (0x4)
                0x000000cc                __section_table_start = .
                0x000000cc                __data_section_table = .
                0x000000cc        0x4 LONG 0x5bc LOADADDR (.data)
                0x000000d0        0x4 LONG 0x10000000 ADDR (.data)
                0x000000d4        0x4 LONG 0x534 SIZEOF (.data)
                0x000000d8        0x4 LONG 0x5bc LOADADDR (.data_RAM2)
                0x000000dc        0x4 LONG 0x2007c000 ADDR (.data_RAM2)
                0x000000e0        0x4 LONG 0x0 SIZEOF (.data_RAM2)
                0x000000e4                __data_section_table_end = .
                0x000000e4                __bss_section_table = .
                0x000000e4        0x4 LONG 0x10000534 ADDR (.bss)
                0x000000e8        0x4 LONG 0x18 SIZEOF (.bss)
                0x000000ec        0x4 LONG 0x2007c000 ADDR (.bss_RAM2)
                0x000000f0        0x4 LONG 0x0 SIZEOF (.bss_RAM2)
                0x000000f4                __bss_section_table_end = .
                0x000000f4                __section_table_end = .
 *(.after_vectors*)
 .after_vectors
                0x000000f4      0x140 ./src/cr_startup_lpc175x_6x.o
                0x000000f4                data_init
                0x00000138                bss_init
                0x00000170                ResetISR
                0x000001e4                NMI_Handler
                0x000001ec                HardFault_Handler
                0x000001f4                MemManage_Handler
                0x000001fc                BusFault_Handler
                0x00000204                UsageFault_Handler
                0x0000020c                SVC_Handler
                0x00000214                DebugMon_Handler
                0x0000021c                PendSV_Handler
                0x00000224                SysTick_Handler
                0x0000022c                EINT3_IRQHandler
                0x0000022c                CANActivity_IRQHandler
                0x0000022c                TIMER3_IRQHandler
                0x0000022c                UART0_IRQHandler
                0x0000022c                USBActivity_IRQHandler
                0x0000022c                EINT2_IRQHandler
                0x0000022c                IntDefaultHandler
                0x0000022c                PLL0_IRQHandler
                0x0000022c                CAN_IRQHandler
                0x0000022c                UART1_IRQHandler
                0x0000022c                SSP0_IRQHandler
                0x0000022c                I2C1_IRQHandler
                0x0000022c                I2C2_IRQHandler
                0x0000022c                RTC_IRQHandler
                0x0000022c                TIMER0_IRQHandler
                0x0000022c                SPI_IRQHandler
                0x0000022c                RIT_IRQHandler
                0x0000022c                EINT1_IRQHandler
                0x0000022c                TIMER1_IRQHandler
                0x0000022c                UART2_IRQHandler
                0x0000022c                ADC_IRQHandler
                0x0000022c                SSP1_IRQHandler
                0x0000022c                USB_IRQHandler
                0x0000022c                BOD_IRQHandler
                0x0000022c                PWM1_IRQHandler
                0x0000022c                WDT_IRQHandler
                0x0000022c                I2S_IRQHandler
                0x0000022c                QEI_IRQHandler
                0x0000022c                EINT0_IRQHandler
                0x0000022c                PLL1_IRQHandler
                0x0000022c                DMA_IRQHandler
                0x0000022c                TIMER2_IRQHandler
                0x0000022c                UART3_IRQHandler
                0x0000022c                MCPWM_IRQHandler
                0x0000022c                ENET_IRQHandler
 *(.text*)
 .text.gpio0WritePin
                0x00000234       0x54 ./src/GPIO.o
                0x00000234                gpio0WritePin
 .text.gpioInit
                0x00000288       0x7c ./src/GPIO.o
                0x00000288                gpioInit
 .text.I2C0_IRQHandler
                0x00000304      0x1dc ./src/i2c.o
                0x00000304                I2C0_IRQHandler
 .text.getDataByte1
                0x000004e0       0x60 ./src/ilda_reader.o
                0x000004e0                getDataByte1
 .text.getDataByte2
                0x00000540       0x60 ./src/ilda_reader.o
                0x00000540                getDataByte2
 .text.main     0x000005a0       0x18 ./src/main.o
                0x000005a0                main
 .text.__weak_main
                0x000005b8        0x4 c:/nxp/lpcxpresso_8.2.2_650/lpcxpresso/tools/bin/../lib/gcc/arm-none-eabi/5.4.1/../../../../arm-none-eabi/lib/armv7-m\libcr_c.a(__weak__main.o)
                0x000005b8                __weak_main
                0x000005b8                __main
 *(.rodata .rodata.* .constdata .constdata.*)
                0x000005bc                . = ALIGN (0x4)

.glue_7         0x000005bc        0x0
 .glue_7        0x000005bc        0x0 linker stubs

.glue_7t        0x000005bc        0x0
 .glue_7t       0x000005bc        0x0 linker stubs

.vfp11_veneer   0x000005bc        0x0
 .vfp11_veneer  0x000005bc        0x0 linker stubs

.v4_bx          0x000005bc        0x0
 .v4_bx         0x000005bc        0x0 linker stubs

.iplt           0x000005bc        0x0
 .iplt          0x000005bc        0x0 ./src/GPIO.o

.rel.dyn        0x000005bc        0x0
 .rel.iplt      0x000005bc        0x0 ./src/GPIO.o

.ARM.extab
 *(.ARM.extab* .gnu.linkonce.armextab.*)
                0x000005bc                __exidx_start = .

.ARM.exidx
 *(.ARM.exidx* .gnu.linkonce.armexidx.*)
                0x000005bc                __exidx_end = .
                0x000005bc                _etext = .

.data_RAM2      0x2007c000        0x0 load address 0x000005bc
 FILL mask 0xff
                [!provide]                PROVIDE (__start_data_RAM2, .)
 *(.ramfunc.$RAM2)
 *(.ramfunc.$RamAHB32)
 *(.data.$RAM2*)
 *(.data.$RamAHB32*)
                0x2007c000                . = ALIGN (0x4)
                [!provide]                PROVIDE (__end_data_RAM2, .)

.uninit_RESERVED
                0x10000000        0x0
 *(.bss.$RESERVED*)
                0x10000000                . = ALIGN (0x4)
                0x10000000                _end_uninit_RESERVED = .

.data           0x10000000      0x534 load address 0x000005bc
 FILL mask 0xff
                0x10000000                _data = .
 *(vtable)
 *(.ramfunc*)
 *(.data*)
 .data.image_y  0x10000000      0x534 ./src/ilda_reader.o
                0x10000000                image_y
                0x10000534                . = ALIGN (0x4)
                0x10000534                _edata = .

.igot.plt       0x10000534        0x0 load address 0x00000af0
 .igot.plt      0x10000534        0x0 ./src/GPIO.o

.bss_RAM2       0x2007c000        0x0
                [!provide]                PROVIDE (__start_bss_RAM2, .)
 *(.bss.$RAM2*)
 *(.bss.$RamAHB32*)
                0x2007c000                . = ALIGN ((. != 0x0)?0x4:0x1)
                [!provide]                PROVIDE (__end_bss_RAM2, .)

.bss            0x10000534       0x18
                0x10000534                _bss = .
 *(.bss*)
 .bss.busy      0x10000534        0x4 ./src/i2c.o
                0x10000534                busy
 .bss.command   0x10000538        0x4 ./src/i2c.o
                0x10000538                command
 .bss.hs_mode   0x1000053c        0x1 ./src/i2c.o
 *fill*         0x1000053d        0x3 
 .bss.dataByteNr.4417
                0x10000540        0x4 ./src/i2c.o
 .bss.counter.4529
                0x10000544        0x4 ./src/ilda_reader.o
 .bss.counter.4535
                0x10000548        0x4 ./src/ilda_reader.o
 *(COMMON)
                0x1000054c                . = ALIGN (0x4)
                0x1000054c                _ebss = .
                [!provide]                PROVIDE (end, .)

.noinit_RAM2    0x2007c000        0x0
 *(.noinit.$RAM2*)
 *(.noinit.$RamAHB32*)
                0x2007c000                . = ALIGN (0x4)

.noinit         0x1000054c        0x0
                0x1000054c                _noinit = .
 *(.noinit*)
                0x1000054c                . = ALIGN (0x4)
                0x1000054c                _end_noinit = .
                0x1000054c                PROVIDE (_pvHeapStart, DEFINED (__user_heap_base)?__user_heap_base:.)
                0x10008000                PROVIDE (_vStackTop, DEFINED (__user_stack_top)?__user_stack_top:(__top_RamLoc32 - 0x0))
                0xefff74c6                PROVIDE (__valid_user_code_checksum, (0x0 - ((((((_vStackTop + (ResetISR + 0x1)) + (NMI_Handler + 0x1)) + (HardFault_Handler + 0x1)) + (DEFINED (MemManage_Handler)?MemManage_Handler:0x0 + 0x1)) + (DEFINED (BusFault_Handler)?BusFault_Handler:0x0 + 0x1)) + (DEFINED (UsageFault_Handler)?UsageFault_Handler:0x0 + 0x1))))
OUTPUT(Laser_LPC.axf elf32-littlearm)

.debug_info     0x00000000      0xe12
 .debug_info    0x00000000      0x1ac ./src/GPIO.o
 .debug_info    0x000001ac      0x253 ./src/cr_startup_lpc175x_6x.o
 .debug_info    0x000003ff      0x162 ./src/i2c.o
 .debug_info    0x00000561      0x7ea ./src/ilda_reader.o
 .debug_info    0x00000d4b       0xc7 ./src/main.o

.debug_abbrev   0x00000000      0x419
 .debug_abbrev  0x00000000       0x95 ./src/GPIO.o
 .debug_abbrev  0x00000095       0xf5 ./src/cr_startup_lpc175x_6x.o
 .debug_abbrev  0x0000018a       0xbc ./src/i2c.o
 .debug_abbrev  0x00000246      0x172 ./src/ilda_reader.o
 .debug_abbrev  0x000003b8       0x61 ./src/main.o

.debug_aranges  0x00000000      0x188
 .debug_aranges
                0x00000000       0x50 ./src/GPIO.o
 .debug_aranges
                0x00000050       0x80 ./src/cr_startup_lpc175x_6x.o
 .debug_aranges
                0x000000d0       0x30 ./src/i2c.o
 .debug_aranges
                0x00000100       0x68 ./src/ilda_reader.o
 .debug_aranges
                0x00000168       0x20 ./src/main.o

.debug_ranges   0x00000000      0x138
 .debug_ranges  0x00000000       0x40 ./src/GPIO.o
 .debug_ranges  0x00000040       0x70 ./src/cr_startup_lpc175x_6x.o
 .debug_ranges  0x000000b0       0x20 ./src/i2c.o
 .debug_ranges  0x000000d0       0x58 ./src/ilda_reader.o
 .debug_ranges  0x00000128       0x10 ./src/main.o

.debug_macro    0x00000000     0x1535
 .debug_macro   0x00000000      0x160 ./src/GPIO.o
 .debug_macro   0x00000160      0x88c ./src/GPIO.o
 .debug_macro   0x000009ec       0x10 ./src/GPIO.o
 .debug_macro   0x000009fc      0x12d ./src/GPIO.o
 .debug_macro   0x00000b29      0x5b2 ./src/GPIO.o
 .debug_macro   0x000010db       0xa0 ./src/GPIO.o
 .debug_macro   0x0000117b       0xc4 ./src/GPIO.o
 .debug_macro   0x0000123f       0x10 ./src/GPIO.o
 .debug_macro   0x0000124f       0x22 ./src/GPIO.o
 .debug_macro   0x00001271       0x1d ./src/cr_startup_lpc175x_6x.o
 .debug_macro   0x0000128e      0x107 ./src/i2c.o
 .debug_macro   0x00001395       0x4c ./src/i2c.o
 .debug_macro   0x000013e1       0xaf ./src/ilda_reader.o
 .debug_macro   0x00001490       0xa5 ./src/main.o

.debug_line     0x00000000      0x959
 .debug_line    0x00000000      0x1dc ./src/GPIO.o
 .debug_line    0x000001dc       0xd4 ./src/cr_startup_lpc175x_6x.o
 .debug_line    0x000002b0      0x1d9 ./src/i2c.o
 .debug_line    0x00000489      0x348 ./src/ilda_reader.o
 .debug_line    0x000007d1      0x188 ./src/main.o

.debug_str      0x00000000     0x5202
 .debug_str     0x00000000     0x498f ./src/GPIO.o
                               0x4a21 (size before relaxing)
 .debug_str     0x0000498f      0x1f8 ./src/cr_startup_lpc175x_6x.o
                               0x269e (size before relaxing)
 .debug_str     0x00004b87      0x3a7 ./src/i2c.o
                               0x47c7 (size before relaxing)
 .debug_str     0x00004f2e      0x2b7 ./src/ilda_reader.o
                               0x46bf (size before relaxing)
 .debug_str     0x000051e5       0x1d ./src/main.o
                               0x4508 (size before relaxing)

.comment        0x00000000       0xdc
 .comment       0x00000000       0x6e ./src/GPIO.o
                                 0x6f (size before relaxing)
 .comment       0x0000006e       0x6f ./src/cr_startup_lpc175x_6x.o
 .comment       0x0000006e       0x6f ./src/i2c.o
 .comment       0x0000006e       0x6f ./src/ilda_reader.o
 .comment       0x0000006e       0x6f ./src/main.o
 .comment       0x0000006e       0x6e c:/nxp/lpcxpresso_8.2.2_650/lpcxpresso/tools/bin/../lib/gcc/arm-none-eabi/5.4.1/../../../../arm-none-eabi/lib/armv7-m\libcr_c.a(__weak__main.o)
                                 0x6f (size before relaxing)

.ARM.attributes
                0x00000000       0x31
 .ARM.attributes
                0x00000000       0x33 ./src/GPIO.o
 .ARM.attributes
                0x00000033       0x33 ./src/cr_startup_lpc175x_6x.o
 .ARM.attributes
                0x00000066       0x33 ./src/i2c.o
 .ARM.attributes
                0x00000099       0x33 ./src/ilda_reader.o
 .ARM.attributes
                0x000000cc       0x33 ./src/main.o
 .ARM.attributes
                0x000000ff       0x33 c:/nxp/lpcxpresso_8.2.2_650/lpcxpresso/tools/bin/../lib/gcc/arm-none-eabi/5.4.1/../../../../arm-none-eabi/lib/armv7-m\libcr_c.a(__weak__main.o)

.debug_frame    0x00000000      0x4cc
 .debug_frame   0x00000000      0x120 ./src/GPIO.o
 .debug_frame   0x00000120      0x170 ./src/cr_startup_lpc175x_6x.o
 .debug_frame   0x00000290       0x80 ./src/i2c.o
 .debug_frame   0x00000310      0x18c ./src/ilda_reader.o
 .debug_frame   0x0000049c       0x30 ./src/main.o
